Info: Starting: Create block symbol file (.bsf)
Info: qsys-generate C:\Users\Jungho\Desktop\final\Audio_Clock.qsys --block-symbol-file --output-directory=C:\Users\Jungho\Desktop\final\Audio_Clock --family="Cyclone IV E" --part=EP4CE115F29C7
Progress: Loading final/Audio_Clock.qsys
Progress: Reading input file
Progress: Adding audio_pll_0 [altera_up_avalon_audio_pll 15.0]
Progress: Parameterizing module audio_pll_0
Progress: Building connections
Progress: Parameterizing connections
Progress: Validating
Progress: Done reading input file
Info: ip-generate succeeded.
Info: Finished: Create block symbol file (.bsf)
Info: 
Info: Starting: Create HDL design files for synthesis
Info: qsys-generate C:\Users\Jungho\Desktop\final\Audio_Clock.qsys --synthesis=VERILOG --output-directory=C:\Users\Jungho\Desktop\final\Audio_Clock\synthesis --family="Cyclone IV E" --part=EP4CE115F29C7
Progress: Loading final/Audio_Clock.qsys
Progress: Reading input file
Progress: Adding audio_pll_0 [altera_up_avalon_audio_pll 15.0]
Progress: Parameterizing module audio_pll_0
Progress: Building connections
Progress: Parameterizing connections
Progress: Validating
Progress: Done reading input file
Info: Audio_Clock: Generating Audio_Clock "Audio_Clock" for QUARTUS_SYNTH
Info: audio_pll_0: "Audio_Clock" instantiated altera_up_avalon_audio_pll "audio_pll_0"
Info: audio_pll: "audio_pll_0" instantiated altera_up_altpll "audio_pll"
Info: reset_from_locked: "audio_pll_0" instantiated altera_up_avalon_reset_from_locked_signal "reset_from_locked"
Info: Audio_Clock: Done "Audio_Clock" with 4 modules, 4 files
Info: ip-generate succeeded.
Info: Finished: Create HDL design files for synthesis
